// Jest Snapshot v1, https://goo.gl/fbAQLP

exports[`App should take a snapshot 1`] = `
<DocumentFragment>
  <div
    style="padding: 40px;"
  >
    <h1>
      Choking
    </h1>
    <div>
      <h2>
        Abdominal Thrusts Tutorial
      </h2>
      <div
        style="width: 75%; height: 360px;"
      >
        <div
          style="width: 100%; height: 100%;"
        >
          <div />
        </div>
      </div>
    </div>
    <p
      class="MuiTypography-root MuiTypography-body1"
    />
    Step 1: Ask the person if they are choking. If they can cough, encourage them to cough it out. If they are unable to speak or cough, proceed to the next step
    <p
      class="MuiTypography-root MuiTypography-body1"
    />
    Step 2: Lean the person slightly forward with the support of one hand, and give 5 sharp back blows between the shoulder blades
    <p
      class="MuiTypography-root MuiTypography-body1"
    />
    Step 3: Check their mouth to see if there is any blockage. If they are still choking proceed to the next step.
    <p
      class="MuiTypography-root MuiTypography-body1"
    />
    Step 4: Abdominal thrusts: Stand behind the person, link your arms around them and put your fist between the belly button and chest.
    <p
      class="MuiTypography-root MuiTypography-body1"
    />
    Step 5: Grasp your fist with your other hand and pull sharply inwards and upwards up to 5 times.
    <p
      class="MuiTypography-root MuiTypography-body1"
    />
    Step 6: Check their mouth for blockage. If they are still choking, call 999, and repeat the 5 back blows and abdominal thrusts until blockage is clear and/or help arrives.
    <p
      class="MuiTypography-root MuiTypography-body1"
    />
    Step 7: If they become unresponsive, tilt their head back and check for breathing for 10 seconds. If there is no response, start CPR.
    <p
      class="MuiTypography-root MuiTypography-body1"
    />
    Press the button for more infomation on how to perform
    <button
      class="MuiButtonBase-root MuiButton-root MuiButton-contained"
      tabindex="0"
      type="button"
    >
      <span
        class="MuiButton-label"
      >
        CPR
      </span>
      <span
        class="MuiTouchRipple-root"
      />
    </button>
    <p>
      Read more here at 
      <a
        href="https://www.sja.org.uk/get-advice/first-aid-advice/choking/"
        target="_blank"
      >
        St. John's Ambulance
      </a>
    </p>
  </div>
</DocumentFragment>
`;

exports[`Choking should take a snapshot 1`] = `
<DocumentFragment>
  <div
    style="padding: 40px;"
  >
    <h1>
      Choking
    </h1>
    <div>
      <h2>
        Abdominal Thrusts Tutorial
      </h2>
      <div
        style="width: 75%; height: 360px;"
      >
        <div
          style="width: 100%; height: 100%;"
        >
          <div />
        </div>
      </div>
    </div>
    <p
      class="MuiTypography-root MuiTypography-body1"
    />
    Step 1: Ask the person if they are choking. If they can cough, encourage them to cough it out. If they are unable to speak or cough, proceed to the next step
    <p
      class="MuiTypography-root MuiTypography-body1"
    />
    Step 2: Lean the person slightly forward with the support of one hand, and give 5 sharp back blows between the shoulder blades
    <p
      class="MuiTypography-root MuiTypography-body1"
    />
    Step 3: Check their mouth to see if there is any blockage. If they are still choking proceed to the next step.
    <p
      class="MuiTypography-root MuiTypography-body1"
    />
    Step 4: Abdominal thrusts: Stand behind the person, link your arms around them and put your fist between the belly button and chest.
    <p
      class="MuiTypography-root MuiTypography-body1"
    />
    Step 5: Grasp your fist with your other hand and pull sharply inwards and upwards up to 5 times.
    <p
      class="MuiTypography-root MuiTypography-body1"
    />
    Step 6: Check their mouth for blockage. If they are still choking, call 999, and repeat the 5 back blows and abdominal thrusts until blockage is clear and/or help arrives.
    <p
      class="MuiTypography-root MuiTypography-body1"
    />
    Step 7: If they become unresponsive, tilt their head back and check for breathing for 10 seconds. If there is no response, start CPR.
    <p
      class="MuiTypography-root MuiTypography-body1"
    />
    Press the button for more infomation on how to perform
    <button
      class="MuiButtonBase-root MuiButton-root MuiButton-contained"
      tabindex="0"
      type="button"
    >
      <span
        class="MuiButton-label"
      >
        CPR
      </span>
      <span
        class="MuiTouchRipple-root"
      />
    </button>
    <p>
      Read more here at 
      <a
        href="https://www.sja.org.uk/get-advice/first-aid-advice/choking/"
        target="_blank"
      >
        St. John's Ambulance
      </a>
    </p>
  </div>
</DocumentFragment>
`;
